The system is: Windows - 10.0.26100 - AMD64
Compiling the CXX compiler identification source file "CMakeCXXCompilerId.cpp" succeeded.
Compiler:  
Build flags: 
Id flags:  

The output was:
0
.NET Framework 向け Microsoft (R) Build Engine バージョン 16.11.2+f32259642
Copyright (C) Microsoft Corporation.All rights reserved.

2025/09/28 11:48:35 にビルドを開始しました。
ノード 1 上のプロジェクト "C:\Users\heppo\StudioProjects\sample\build\windows\x64\CMakeFiles\3.20.21032501-MSVC_2\CompilerIdCXX\CompilerIdCXX.vcxproj" (既定のターゲット)。
PrepareForBuild:
  ディレクトリ "Debug\" を作成しています。
  ディレクトリ "Debug\CompilerIdCXX.tlog\" を作成しています。
InitializeBuildStatus:
  "AlwaysCreate" が指定されたため "Debug\CompilerIdCXX.tlog\unsuccessfulbuild" を作成しています。
ClCompile:
  C:\Program Files (x86)\Microsoft Visual Studio\2019\Community\VC\Tools\MSVC\14.29.30133\bin\HostX64\x64\CL.exe /c /nologo /W0 /WX- /diagnostics:column /Od /D _MBCS /Gm- /EHsc /RTC1 /MDd /GS /fp:precise /Zc:wchar_t /Zc:forScope /Zc:inline /Fo"Debug\\" /Fd"Debug\vc142.pdb" /external:W0 /Gd /TP /FC /errorReport:queue CMakeCXXCompilerId.cpp
  CMakeCXXCompilerId.cpp
Link:
  C:\Program Files (x86)\Microsoft Visual Studio\2019\Community\VC\Tools\MSVC\14.29.30133\bin\HostX64\x64\link.exe /ERRORREPORT:QUEUE /OUT:".\CompilerIdCXX.exe" /INCREMENTAL:NO /NOLOGO kernel32.lib user32.lib gdi32.lib winspool.lib comdlg32.lib advapi32.lib shell32.lib ole32.lib oleaut32.lib uuid.lib odbc32.lib odbccp32.lib /MANIFEST /MANIFESTUAC:"level='asInvoker' uiAccess='false'" /manifest:embed /PDB:".\CompilerIdCXX.pdb" /SUBSYSTEM:CONSOLE /TLBID:1 /DYNAMICBASE /NXCOMPAT /IMPLIB:".\CompilerIdCXX.lib" /MACHINE:X64 Debug\CMakeCXXCompilerId.obj
  CompilerIdCXX.vcxproj -> C:\Users\heppo\StudioProjects\sample\build\windows\x64\CMakeFiles\3.20.21032501-MSVC_2\CompilerIdCXX\CompilerIdCXX.exe
PostBuildEvent:
  for %%i in (cl.exe) do @echo CMAKE_CXX_COMPILER=%%~$PATH:i
  :VCEnd
  CMAKE_CXX_COMPILER=C:\Program Files (x86)\Microsoft Visual Studio\2019\Community\VC\Tools\MSVC\14.29.30133\bin\Hostx64\x64\cl.exe
FinalizeBuildStatus:
  ファイル "Debug\CompilerIdCXX.tlog\unsuccessfulbuild" を削除しています。
  "Debug\CompilerIdCXX.tlog\CompilerIdCXX.lastbuildstate" のタッチ タスクを実行しています。
プロジェクト "C:\Users\heppo\StudioProjects\sample\build\windows\x64\CMakeFiles\3.20.21032501-MSVC_2\CompilerIdCXX\CompilerIdCXX.vcxproj" (既定のターゲット) のビルドが完了しました。

ビルドに成功しました。
    0 個の警告
    0 エラー

経過時間 00:00:01.43


Compilation of the CXX compiler identification source "CMakeCXXCompilerId.cpp" produced "CompilerIdCXX.exe"

Compilation of the CXX compiler identification source "CMakeCXXCompilerId.cpp" produced "CompilerIdCXX.vcxproj"

The CXX compiler identification is MSVC, found in "C:/Users/heppo/StudioProjects/sample/build/windows/x64/CMakeFiles/3.20.21032501-MSVC_2/CompilerIdCXX/CompilerIdCXX.exe"

Detecting CXX compiler ABI info compiled with the following output:
Change Dir: C:/Users/heppo/StudioProjects/sample/build/windows/x64/CMakeFiles/CMakeTmp

Run Build Command(s):C:/Program Files (x86)/Microsoft Visual Studio/2019/Community/MSBuild/Current/Bin/MSBuild.exe cmTC_57024.vcxproj /p:Configuration=Debug /p:Platform=x64 /p:VisualStudioVersion=16.0 /v:m && .NET Framework 向け Microsoft (R) Build Engine バージョン 16.11.2+f32259642
Copyright (C) Microsoft Corporation.All rights reserved.

  Microsoft(R) C/C++ Optimizing Compiler Version 19.29.30158 for x64
  Copyright (C) Microsoft Corporation.  All rights reserved.
  CMakeCXXCompilerABI.cpp
  cl /c /Zi /W3 /WX- /diagnostics:column /Od /Ob0 /D WIN32 /D _WINDOWS /D "CMAKE_INTDIR=\"Debug\"" /D _MBCS /Gm- /EHsc /RTC1 /MDd /GS /fp:precise /Zc:wchar_t /Zc:forScope /Zc:inline /GR /Fo"cmTC_57024.dir\Debug\\" /Fd"cmTC_57024.dir\Debug\vc142.pdb" /external:W3 /Gd /TP /errorReport:queue "C:\Program Files (x86)\Microsoft Visual Studio\2019\Community\Common7\IDE\CommonExtensions\Microsoft\CMake\CMake\share\cmake-3.20\Modules\CMakeCXXCompilerABI.cpp"
  cmTC_57024.vcxproj -> C:\Users\heppo\StudioProjects\sample\build\windows\x64\CMakeFiles\CMakeTmp\Debug\cmTC_57024.exe



